
> onity-design-system@1.0.0 build-storybook
> storybook build --output-dir=/tmp/chromatic--2466-7MaE7SV9CL3g --stats-json=/tmp/chromatic--2466-7MaE7SV9CL3g


[90m┌[39m  Building storybook v10.5.7
[90m│[39m
[32m◇[39m  Cleaning outputDir: [36m../../tmp/chromatic--2466-7MaE7SV9CL3g[39m
[90m│[39m
[32m◇[39m  Loading presets
[90m│[39m
[32m◇[39m  Building manager..
[90m│[39m
[34m●[39m  Building open services..
[90m│[39m
[34m●[39m  Building preview..
[90m│[39m  [43mVite[49m [36mvite v8.2.0 [32mbuilding client environment for production...[36m[39m
[2Ktransforming...✓ 186 modules transformed.
rendering chunks...
computing gzip size...
[90m│[39m  [43mVite[49m
[90m│[39m  ../../tmp/chromatic--2466-7MaE7SV9CL3g/assets/context-C0qIqeS4.png
[90m│[39m  6.11 kB
[90m│[39m  ../../tmp/chromatic--2466-7MaE7SV9CL3g/assets/styling-Bk6zjRzU.png
[90m│[39m  7.23 kB
[90m│[39m  ../../tmp/chromatic--2466-7MaE7SV9CL3g/iframe.html
[90m│[39m  19.29 kB │ gzip:   5.36 kB
[90m│[39m  ../../tmp/chromatic--2466-7MaE7SV9CL3g/assets/docs---vsFbMi.png
[90m│[39m  27.87 kB
[90m│[39m  ../../tmp/chromatic--2466-7MaE7SV9CL3g/assets/share-DGA-UcQf.png
[90m│[39m  40.76 kB
[90m│[39m  ../../tmp/chromatic--2466-7MaE7SV9CL3g/assets/accessibility-W_h2acOZ.png
[90m│[39m  42.33 kB
[90m│[39m  ../../tmp/chromatic--2466-7MaE7SV9CL3g/assets/figma-plugin-CH2hELiO.png
[90m│[39m  44.24 kB
[90m│[39m  ../../tmp/chromatic--2466-7MaE7SV9CL3g/assets/theming-D6WJLNoW.png
[90m│[39m  44.37 kB
[90m│[39m  ../../tmp/chromatic--2466-7MaE7SV9CL3g/assets/testing-cbzR9l9r.png
[90m│[39m  49.31 kB
[90m│[39m  ../../tmp/chromatic--2466-7MaE7SV9CL3g/assets/addon-library-BWUCAmyN.png
[90m│[39m  467.36 kB
[90m│[39m  ../../tmp/chromatic--2466-7MaE7SV9CL3g/assets/Header-CzZBVs_w.css
[90m│[39m  0.50 kB │ gzip:   0.29 kB
[90m│[39m  ../../tmp/chromatic--2466-7MaE7SV9CL3g/assets/Page-R7v0XIE6.css
[90m│[39m  0.91 kB │ gzip:   0.39 kB
[90m│[39m  ../../tmp/chromatic--2466-7MaE7SV9CL3g/assets/Button-CZxMbIbb.css
[90m│[39m  4.58 kB │ gzip:   0.98 kB
[90m│[39m  ../../tmp/chromatic--2466-7MaE7SV9CL3g/assets/iframe-DPhcFwEq.js
[90m│[39m  0.04 kB │ gzip:   0.06 kB
[90m│[39m  ../../tmp/chromatic--2466-7MaE7SV9CL3g/assets/chunk-242VQQM5-bHL6qIJq.js
[90m│[39m  0.24 kB │ gzip:   0.20 kB
[90m│[39m  ../../tmp/chromatic--2466-7MaE7SV9CL3g/assets/formatter-L2YTDE3Q-CRGuSxAF.js
[90m│[39m  0.30 kB │ gzip:   0.24 kB
[90m│[39m  ../../tmp/chromatic--2466-7MaE7SV9CL3g/assets/chunk-QQBDHPVZ-DC5n6Pix.js
[90m│[39m  0.32 kB │ gzip:   0.20 kB
[90m│[39m  ../../tmp/chromatic--2466-7MaE7SV9CL3g/assets/jsx-runtime-DeHZSEgm.js
[90m│[39m  0.43 kB │ gzip:   0.30 kB
[90m│[39m  ../../tmp/chromatic--2466-7MaE7SV9CL3g/assets/react-D_TRtcfa.js
[90m│[39m  0.58 kB │ gzip:   0.35 kB
[90m│[39m  ../../tmp/chromatic--2466-7MaE7SV9CL3g/assets/Header.stories-DaNH0Pa5.js
[90m│[39m  0.76 kB │ gzip:   0.44 kB
[90m│[39m  ../../tmp/chromatic--2466-7MaE7SV9CL3g/assets/Button-BLfEJdTH.js
[90m│[39m  0.97 kB │ gzip:   0.49 kB
[90m│[39m  ../../tmp/chromatic--2466-7MaE7SV9CL3g/assets/rolldown-runtime-DkW27tQK.js
[90m│[39m  1.19 kB │ gzip:   0.67 kB
[90m│[39m  ../../tmp/chromatic--2466-7MaE7SV9CL3g/assets/preload-helper-wdlQj8DP.js
[90m│[39m  1.31 kB │ gzip:   0.74 kB
[90m│[39m  ../../tmp/chromatic--2466-7MaE7SV9CL3g/assets/DocsRenderer-JROSPFPF-DGSvRl6B.js
[90m│[39m  1.47 kB │ gzip:   0.79 kB
[90m│[39m  ../../tmp/chromatic--2466-7MaE7SV9CL3g/assets/chunk-IMSF75WX-CGYlPTyG.js
[90m│[39m  1.67 kB │ gzip:   0.91 kB
[90m│[39m  ../../tmp/chromatic--2466-7MaE7SV9CL3g/assets/Header-tzTqaJb9.js
[90m│[39m  2.68 kB │ gzip:   1.27 kB
[90m│[39m  ../../tmp/chromatic--2466-7MaE7SV9CL3g/assets/Button-DrVdUMRV.js
[90m│[39m  2.78 kB │ gzip:   1.28 kB
[90m│[39m  ../../tmp/chromatic--2466-7MaE7SV9CL3g/assets/Button.stories-m9tq1rLl.js
[90m│[39m  2.83 kB │ gzip:   1.17 kB
[90m│[39m  ../../tmp/chromatic--2466-7MaE7SV9CL3g/assets/chunk-DRQKCCAG-DvsmU7ha.js
[90m│[39m  3.39 kB │ gzip:   1.41 kB
[90m│[39m  ../../tmp/chromatic--2466-7MaE7SV9CL3g/assets/react-dom-D5-IAW4p.js
[90m│[39m  3.58 kB │ gzip:   1.36 kB
[90m│[39m  ../../tmp/chromatic--2466-7MaE7SV9CL3g/assets/Page.stories-BQWg3Sb0.js
[90m│[39m  3.67 kB │ gzip:   1.60 kB
[90m│[39m  ../../tmp/chromatic--2466-7MaE7SV9CL3g/assets/chunk-KJHJLCBK-yRlRMfNs.js
[90m│[39m  5.35 kB │ gzip:   2.05 kB
[90m│[39m  ../../tmp/chromatic--2466-7MaE7SV9CL3g/assets/chunk-W22LQPXL-CwGJjK77.js
[90m│[39m  22.75 kB │ gzip:   7.61 kB
[90m│[39m  ../../tmp/chromatic--2466-7MaE7SV9CL3g/assets/Configure-DvSWeA-c.js
[90m│[39m  27.28 kB │ gzip:  11.38 kB
[90m│[39m  ../../tmp/chromatic--2466-7MaE7SV9CL3g/vite-inject-mocker-entry.js
[90m│[39m  27.84 kB │ gzip:   9.66 kB
[90m│[39m  ../../tmp/chromatic--2466-7MaE7SV9CL3g/assets/matchers-JIUQ3HVY-C789_MAK.js
[90m│[39m  28.79 kB │ gzip:   9.68 kB
[90m│[39m  ../../tmp/chromatic--2466-7MaE7SV9CL3g/assets/Color-6AOWCN3U-CQfAWhw_.js
[90m│[39m  30.37 kB │ gzip:  11.49 kB
[90m│[39m  ../../tmp/chromatic--2466-7MaE7SV9CL3g/assets/WithTooltip-7X4HQR7L-DwHsy55E.js
[90m│[39m  32.75 kB │ gzip:  11.49 kB
[90m│[39m  ../../tmp/chromatic--2466-7MaE7SV9CL3g/assets/theming-BI7W9Bqm.js
[90m│[39m  55.41 kB │ gzip:  21.35 kB
[90m│[39m  ../../tmp/chromatic--2466-7MaE7SV9CL3g/assets/syntaxhighlighter-QEQV7K2Y-J4OOJLRk.js
[90m│[39m  75.92 kB │ gzip:  27.28 kB
[90m│[39m  ../../tmp/chromatic--2466-7MaE7SV9CL3g/assets/react-18-BFjRQb93.js
[90m│[39m  179.07 kB │ gzip:  56.68 kB
[90m│[39m  ../../tmp/chromatic--2466-7MaE7SV9CL3g/assets/axe-CU0zJHZz.js
[90m│[39m  579.13 kB │ gzip: 158.39 kB
[90m│[39m  ../../tmp/chromatic--2466-7MaE7SV9CL3g/assets/blocks-dfbtdhcl.js
[90m│[39m  757.19 kB │ gzip: 240.00 kB
[90m│[39m  ../../tmp/chromatic--2466-7MaE7SV9CL3g/assets/iframe-BXTEq5I7.js
[90m│[39m  1,135.43 kB │ gzip: 324.32 kB

[90m│[39m
[33m▲[39m  [43mVite[49m [33m[33m[PLUGIN_TIMINGS] [0mYour build spent significant time in plugins.
[90m│[39m  Here is a breakdown:
[90m│[39m  - vite:css-post (25%)
[90m│[39m  - storybook:mock-loader (19%)
[90m│[39m  - storybook:code-generator-plugin (12%)
[90m│[39m  - storybook:project-annotations-plugin (12%)
[90m│[39m  - vite:build-import-analysis (7%)
[90m│[39m  See ]8;;https://rolldown.rs/reference/InputOptions.checks#plugintimingshttps://rolldown.rs/reference/InputOptions.checks#plugintimings]8;;
[90m│[39m  for more details.
[90m│[39m  [39m
[90m│[39m
[33m▲[39m  [43mVite[49m [33m[plugin builtin:vite-reporter]
[90m│[39m  (!) Some chunks are larger than 500 kB after minification. Consider:
[90m│[39m  - Using dynamic import() to code-split the application
[90m│[39m  - Use build.rolldownOptions.output.codeSplitting to improve chunking:
[90m│[39m  ]8;;https://rolldown.rs/reference/OutputOptions.codeSplittinghttps://rolldown.rs/reference/OutputOptions.codeSplitting]8;;
[90m│[39m  - Adjust chunk size limit for this warning via
[90m│[39m  build.chunkSizeWarningLimit.[39m
[90m│[39m  [43mVite[49m [32m✓ built in 3.64s[39m
[90m│[39m
[34m●[39m  Preview stats written to
[90m│[39m  [36m/tmp/chromatic--2466-7MaE7SV9CL3g/preview-stats.json[39m
[90m│[39m
[32m◇[39m  Output directory: /tmp/chromatic--2466-7MaE7SV9CL3g
[90m│[39m
[90m└[39m  Storybook build completed successfully

