[13:34:16.716] [INFO] storybook v10.4.6
[13:35:07.044] [PROMPT] Port 6006 is not available. 
Would you like to run Storybook on port 6008 instead? {"choice":true}
[13:35:08.138] [DEBUG] Getting package.json info for /workspaces/Onity-Design-System/package.json...
[13:35:08.867] [ERROR] [38;2;241;97;97mSB_CORE-SERVER_0002 (CriticalPresetLoadError): Storybook failed to load the following preset: ./.storybook/main.js.

Please check whether your setup is correct, the Storybook dependencies (and their peer dependencies) are installed correctly and there are no package version clashes.

If you believe this is a bug, please open an issue on Github.

SB_CORE-SERVER_0002 (CriticalPresetLoadError): Storybook failed to load the following preset: @storybook/addon-docs.

Please check whether your setup is correct, the Storybook dependencies (and their peer dependencies) are installed correctly and there are no package version clashes.

If you believe this is a bug, please open an issue on Github.

SB_CORE-SERVER_0002 (CriticalPresetLoadError): Storybook failed to load the following preset: ./node_modules/@storybook/addon-docs/dist/preset.js.

Please check whether your setup is correct, the Storybook dependencies (and their peer dependencies) are installed correctly and there are no package version clashes.

If you believe this is a bug, please open an issue on Github.

Error [ERR_PACKAGE_PATH_NOT_EXPORTED]: Package subpath './open-service' is not defined by "exports" in ./node_modules/storybook/package.json imported from ./node_modules/@storybook/addon-docs/dist/preset.js
    at exportsNotFound (node:internal/modules/esm/resolve:314:10)
    at packageExportsResolve (node:internal/modules/esm/resolve:662:9)
    at packageResolve (node:internal/modules/esm/resolve:774:12)
    at moduleResolve (node:internal/modules/esm/resolve:859:18)
    at defaultResolve (node:internal/modules/esm/resolve:991:11)
    at nextResolve (node:internal/modules/esm/hooks:785:28)
    at AsyncLoaderHooksOnLoaderHookWorker.resolve (node:internal/modules/esm/hooks:269:30)
    at MessagePort.handleMessage (node:internal/modules/esm/worker:251:24)
    at [nodejs.internal.kHybridDispatch] (node:internal/event_target:843:20)
    at MessagePort.<anonymous> (node:internal/per_context/messageport:23:28)

More info: 

    at loadPreset (file://./node_modules/storybook/dist/_node-chunks/chunk-6U2XPXR7.js:9136:13)
    at async Promise.all (index 0)
    at async loadPresets (file://./node_modules/storybook/dist/_node-chunks/chunk-6U2XPXR7.js:9145:73)
    at async loadPreset (file://./node_modules/storybook/dist/_node-chunks/chunk-6U2XPXR7.js:9118:12)
    at async Promise.all (index 3)
    at async loadPresets (file://./node_modules/storybook/dist/_node-chunks/chunk-6U2XPXR7.js:9145:73)
    at async loadPreset (file://./node_modules/storybook/dist/_node-chunks/chunk-6U2XPXR7.js:9119:12)
    at async Promise.all (index 1)
    at async loadPresets (file://./node_modules/storybook/dist/_node-chunks/chunk-6U2XPXR7.js:9145:73)
    at async getPresets (file://./node_modules/storybook/dist/_node-chunks/chunk-6U2XPXR7.js:9176:23)

More info: 

    at loadPreset (file://./node_modules/storybook/dist/_node-chunks/chunk-6U2XPXR7.js:9136:13)
    at async Promise.all (index 3)
    at async loadPresets (file://./node_modules/storybook/dist/_node-chunks/chunk-6U2XPXR7.js:9145:73)
    at async loadPreset (file://./node_modules/storybook/dist/_node-chunks/chunk-6U2XPXR7.js:9119:12)
    at async Promise.all (index 1)
    at async loadPresets (file://./node_modules/storybook/dist/_node-chunks/chunk-6U2XPXR7.js:9145:73)
    at async getPresets (file://./node_modules/storybook/dist/_node-chunks/chunk-6U2XPXR7.js:9176:23)
    at async buildDevStandalone (file://./node_modules/storybook/dist/core-server/index.js:11991:52)
    at async withTelemetry (file://./node_modules/storybook/dist/_node-chunks/chunk-G7NXW2C2.js:650:12)
    at async dev (file://./node_modules/storybook/dist/bin/core.js:2735:3)

More info: 
[39m
    at loadPreset (file://./node_modules/storybook/dist/_node-chunks/chunk-6U2XPXR7.js:9136:13)
    at async Promise.all (index 1)
    at async loadPresets (file://./node_modules/storybook/dist/_node-chunks/chunk-6U2XPXR7.js:9145:73)
    at async getPresets (file://./node_modules/storybook/dist/_node-chunks/chunk-6U2XPXR7.js:9176:23)
    at async buildDevStandalone (file://./node_modules/storybook/dist/core-server/index.js:11991:52)
    at async withTelemetry (file://./node_modules/storybook/dist/_node-chunks/chunk-G7NXW2C2.js:650:12)
    at async dev (file://./node_modules/storybook/dist/bin/core.js:2735:3)
    at async _Command.<anonymous> (file://./node_modules/storybook/dist/bin/core.js:2805:92)
[13:35:08.880] [WARN] Broken build, fix the error above.
You may need to refresh the browser.
[13:35:08.910] [WARN]   Failed to load preset: {"name":"/workspaces/Onity-Design-System/node_modules/@storybook/addon-docs/dist/preset.js"} on level 2
[13:35:08.910] [ERROR] Error [ERR_PACKAGE_PATH_NOT_EXPORTED]: Package subpath './open-service' is not defined by "exports" in ./node_modules/storybook/package.json imported from ./node_modules/@storybook/addon-docs/dist/preset.js
    at exportsNotFound (node:internal/modules/esm/resolve:314:10)
    at packageExportsResolve (node:internal/modules/esm/resolve:662:9)
    at packageResolve (node:internal/modules/esm/resolve:774:12)
    at moduleResolve (node:internal/modules/esm/resolve:859:18)
    at defaultResolve (node:internal/modules/esm/resolve:991:11)
    at nextResolve (node:internal/modules/esm/hooks:785:28)
    at AsyncLoaderHooksOnLoaderHookWorker.resolve (node:internal/modules/esm/hooks:269:30)
    at MessagePort.handleMessage (node:internal/modules/esm/worker:251:24)
    at [nodejs.internal.kHybridDispatch] (node:internal/event_target:843:20)
    at MessagePort.<anonymous> (node:internal/per_context/messageport:23:28)
[13:35:12.854] [PROMPT] Would you like to send anonymous crash reports to improve Storybook and fix bugs faster? {"choice":true}
[13:35:12.858] [INFO] Storybook collects completely anonymous usage telemetry. We use it to shape Storybook's roadmap and prioritize features. You can learn more, including how to opt out, at https://storybook.js.org/telemetry